in_source: |-
  : cat  begin key dup emit 0 = not until ;
  cat
in_stdin: |-
  This is a way
out_bin: |-
out_stdout: |-
  This is a way
out_log: |-